MSBUILD : error MSB1025: An internal failure occurred while running MSBuild.
System.UnauthorizedAccessException: Access to the path 'C:\WINDOWS\TEMP\MSBuildTemp' is denied.
   at System.IO.FileSystem.CreateDirectory(String fullPath, Byte[] securityDescriptor)
   at System.IO.Directory.CreateDirectory(String path)
   at Microsoft.Build.Shared.FileUtilities.CreateFolderUnderTemp()
   at Microsoft.Build.Shared.FileUtilities.get_TempFileDirectory()
   at Microsoft.Build.Shared.FileUtilities.GetCacheDirectory()
   at Microsoft.Build.Shared.FileUtilities.ClearCacheDirectory()
   at Microsoft.Build.CommandLine.MSBuildApp.BuildProject(String projectFile, String[] targets, String toolsVersion, Dictionary`2 globalProperties, Dictionary`2 restoreProperties, ILogger[] loggers, LoggerVerbosity verbosity, DistributedLoggerRecord[] distributedLoggerRecords, Int32 cpuCount, Boolean enableNodeReuse, TextWriter preprocessWriter, TextWriter targetsWriter, Boolean detailedSummary, ISet`1 warningsAsErrors, ISet`1 warningsNotAsErrors, ISet`1 warningsAsMessages, Boolean enableRestore, ProfilerLogger profilerLogger, Boolean enableProfiler, Boolean interactive, ProjectIsolationMode isolateProjects, GraphBuildOptions graphBuildOptions, Boolean lowPriority, Boolean question, Boolean isBuildCheckEnabled, String[] inputResultsCaches, String outputResultsCache, Boolean saveProjectResult, BuildResult& result, String[] commandLine)
   at Microsoft.Build.CommandLine.MSBuildApp.Execute(String[] commandLine)
Unhandled exception: System.UnauthorizedAccessException: Access to the path 'C:\WINDOWS\TEMP\MSBuildTemp' is denied.
   at System.IO.FileSystem.CreateDirectory(String fullPath, Byte[] securityDescriptor)
   at System.IO.Directory.CreateDirectory(String path)
   at Microsoft.Build.Shared.FileUtilities.CreateFolderUnderTemp()
   at Microsoft.Build.Shared.FileUtilities.get_TempFileDirectory()
   at Microsoft.Build.Shared.FileUtilities.GetCacheDirectory()
   at Microsoft.Build.Shared.FileUtilities.ClearCacheDirectory()
   at Microsoft.Build.CommandLine.MSBuildApp.BuildProject(String projectFile, String[] targets, String toolsVersion, Dictionary`2 globalProperties, Dictionary`2 restoreProperties, ILogger[] loggers, LoggerVerbosity verbosity, DistributedLoggerRecord[] distributedLoggerRecords, Int32 cpuCount, Boolean enableNodeReuse, TextWriter preprocessWriter, TextWriter targetsWriter, Boolean detailedSummary, ISet`1 warningsAsErrors, ISet`1 warningsNotAsErrors, ISet`1 warningsAsMessages, Boolean enableRestore, ProfilerLogger profilerLogger, Boolean enableProfiler, Boolean interactive, ProjectIsolationMode isolateProjects, GraphBuildOptions graphBuildOptions, Boolean lowPriority, Boolean question, Boolean isBuildCheckEnabled, String[] inputResultsCaches, String outputResultsCache, Boolean saveProjectResult, BuildResult& result, String[] commandLine)
   at Microsoft.Build.CommandLine.MSBuildApp.Execute(String[] commandLine)
   at Microsoft.Build.CommandLine.MSBuildApp.Main(String[] args)
   at Microsoft.DotNet.Cli.Utils.MSBuildForwardingAppWithoutLogging.ExecuteInProc(String[] arguments)
